[15:31:09][AUTH] ============================================================
[15:31:09][AUTH] IMPERIUM LAUNCHER APP / AQUARIUM
[15:31:09][AUTH] ============================================================
[15:31:09][AUTH] action_id: status
[15:31:09][AUTH] label: Статус Империума и рабочей ветки
[15:31:09][INFO] description: Показывает HEAD, git status, ключевые последние verdicts и состояние Astronomicon/Custodes/Throne.
[15:31:09][INFO] command: python SUPPORT/TUI/imperium_tui.py --repo-root <repo> --action status
[15:31:09][AUTH] ============================================================
[15:31:09][INFO] ----- terminal output begin -----
[15:31:09][INFO] ============================================================
[15:31:09][INFO] IMPERIUM TUI / АКВАРИУМ РАБОТЫ
[15:31:09][INFO] ============================================================
[15:31:09][INFO] generated_at_utc: 2026-07-02T12:31:09Z
[15:31:09][INFO] repo: E:\IMPERIUM_REALITY
[15:31:09][INFO] action_id: status
[15:31:09][INFO] label: Статус Империума и рабочей ветки
[15:31:09][INFO] mutates_repo: False
[15:31:09][INFO] ============================================================
[15:31:09][INFO] 
[15:31:09][INFO] СТАТУС ИМПЕРИУМА / АКВАРИУМ
[15:31:09][INFO] 
[15:31:09][INFO] ### Git
[15:31:09][INFO] HEAD: 170a2f9a
[15:31:09][INFO] branch: master
[15:31:09][INFO] status: ?? ORGANS/ASTRONOMICON/MATRICES/IMPERIUM_LAUNCHER_APP_PLATFORM_MATRIX_V0_1.json
[15:31:09][INFO] ?? ORGANS/ASTRONOMICON/RECEIPTS/imperium_launcher_app_platform_receipt.json
[15:31:09][INFO] ?? ORGANS/ASTRONOMICON/REPORTS/IMPERIUM_LAUNCHER_APP_PLATFORM_REPORT_V0_1.md
[15:31:09][INFO] ?? ORGANS/ASTRONOMICON/REPORTS/IMPERIUM_LAUNCHER_APP_PLATFORM_SUMMARY_V0_1.json
[15:31:09][INFO] ?? ORGANS/ASTRONOMICON/VALIDATORS/validate_imperium_launcher_app_platform.py
[15:31:09][INFO] ?? SUPPORT/APP/
[15:31:09][INFO] ?? SUPPORT/TUI/LOGS/20260702_153109_status.log
[15:31:09][INFO] ?? WARP/PATCHES/IMPERIUM-LAUNCHER-APP-PLATFORM-0001/
[15:31:09][INFO] 
[15:31:09][INFO] ### Astronomicon / Custodes / Throne
[15:31:09][INFO] Custodes verdict: PASS_CUSTODES_ASTRONOMICON_PROSECUTOR_VALIDATION
[15:31:09][INFO] Custodes score: 100.0
[15:31:09][INFO] Custodes indictments: 0
[15:31:09][INFO] Astronomicon red local: 100.0
[15:31:09][INFO] Astronomicon blue local: 100.0
[15:31:09][INFO] Throne verdict: PASS_THRONE_ASTRONOMICON_CROWN_ORDER_WITH_SELF_DECEPTION_GUARD
[15:31:09][INFO] Crown truth state: CROWN_ORDER_ISSUED_NOT_THRONE_SELF_PROVEN
[15:31:09][INFO] Astronomicon crown order: 100.0
[15:31:09][INFO] Throne self-validation: 0.0
[15:31:09][INFO] External witness for Throne: 0.0
[15:31:09][INFO] Astronomicon assembled: 0.0
[15:31:09][INFO] 
[15:31:09][INFO] ### Great Nine stage scores
[15:31:09][INFO] profile_baseline_score: 100.0
[15:31:09][INFO] duty_defined_score: 100.0
[15:31:09][INFO] assembly_target_defined_score: 100.0
[15:31:09][INFO] red_team_score: 0.0
[15:31:09][INFO] blue_team_score: 0.0
[15:31:09][INFO] organ_truth_maturity_score: 40.0
[15:31:09][INFO] organ_assembled_score: 0.0
[15:31:09][INFO] 
[15:31:09][INFO] ============================================================
[15:31:09][INFO] ACTION EXIT CODE: 0
[15:31:09][INFO] ============================================================
[15:31:09][INFO] 
[15:31:09][INFO] Лог аквариума: SUPPORT\TUI\LOGS\20260702_153109_status.log
[15:31:09][INFO] AQUARIUM_LOG: SUPPORT\TUI\LOGS\20260702_153109_status.log
[15:31:09][INFO] Receipt TUI: SUPPORT\TUI\RECEIPTS\20260702_153109_status_receipt.json
[15:31:09][INFO] TUI_RECEIPT: SUPPORT\TUI\RECEIPTS\20260702_153109_status_receipt.json
[15:31:09][INFO] ----- terminal output end -----
[15:31:09][PASS] exit_code: 0

