============================================================
IMPERIUM TUI / АКВАРИУМ РАБОТЫ
============================================================
generated_at_utc: 2026-07-02T11:58:42Z
repo: E:\IMPERIUM_REALITY
action_id: throne-crown-order
label: Трон: Crown order по Астрономикону
mutates_repo: True
============================================================

АКВАРИУМ ВЫЗОВА
Действие: Трон: Crown order по Астрономикону
Описание: Запускает строгие gates Трона с anti-self-deception: Crown order != Throne self-validation.
Команда:
  python ORGANS/THRONE/TOOLS/throne_astronomicon_strict_gate.py --repo-root .

----- terminal output begin -----
{
  "summary_id": "throne.astronomicon_strict_gates_summary.v0_2_anti_self_deception",
  "task_id": "THRONE-ASTRONOMICON-STRICT-GATES-ANTI-SELF-DECEPTION-FIX-0001",
  "validator_id": "throne_astronomicon_strict_gate.v0_2_anti_self_deception",
  "verdict": "PASS_THRONE_ASTRONOMICON_CROWN_ORDER_WITH_SELF_DECEPTION_GUARD",
  "generated_at_utc": "2026-07-02T11:58:42Z",
  "repo_head": "20efa57c",
  "target_organ": "ASTRONOMICON",
  "crown_order_truth_state": "CROWN_ORDER_ISSUED_NOT_THRONE_SELF_PROVEN",
  "gate_count": 10,
  "gate_pass_count": 10,
  "astronomicon_crown_order_score": 100.0,
  "astronomicon_crown_gate_score": 100.0,
  "astronomicon_red_team_crown_score": 100.0,
  "astronomicon_blue_team_crown_score": 100.0,
  "astronomicon_throne_confirmed_score": 100.0,
  "throne_self_validation_score": 0.0,
  "external_witness_for_throne_score": 0.0,
  "astronomicon_assembled_score": 0.0,
  "custodes_validation_score": 100.0,
  "custodes_indictment_count": 0,
  "gates": [
    {
      "gate_id": "ASTRONOMICON_IDENTITY_EXACT",
      "status": "PASS",
      "score": 100.0,
      "evidence": "ORGANS/CUSTODES/REPORTS/CUSTODES_ASTRONOMICON_PROSECUTOR_AUDIT_SUMMARY_V0_1.json",
      "details": {
        "target_organ": "ASTRONOMICON"
      }
    },
    {
      "gate_id": "CAPABILITY_EVIDENCE_EXACT",
      "status": "PASS",
      "score": 100.0,
      "evidence": "ORGANS/CUSTODES/REPORTS/CUSTODES_ASTRONOMICON_PROSECUTOR_AUDIT_SUMMARY_V0_1.json",
      "details": {}
    },
    {
      "gate_id": "VALIDATORS_WORK_UNDER_CUSTODES",
      "status": "PASS",
      "score": 100.0,
      "evidence": "ORGANS/CUSTODES/REPORTS/CUSTODES_ASTRONOMICON_PROSECUTOR_AUDIT_SUMMARY_V0_1.json",
      "details": {
        "validator_count": 7
      }
    },
    {
      "gate_id": "NO_CUSTODES_INDICTMENTS",
      "status": "PASS",
      "score": 100.0,
      "evidence": "ORGANS/CUSTODES/REPORTS/CUSTODES_ASTRONOMICON_PROSECUTOR_AUDIT_SUMMARY_V0_1.json",
      "details": {
        "indictments": []
      }
    },
    {
      "gate_id": "CUSTODES_VALIDATION_EXACT",
      "status": "PASS",
      "score": 100.0,
      "evidence": "ORGANS/CUSTODES/RECEIPTS/custodes_astronomicon_validation_receipt.json",
      "details": {
        "audit_verdict": "PASS_CUSTODES_ASTRONOMICON_PROSECUTOR_VALIDATION",
        "receipt_verdict": "PASS_CUSTODES_ASTRONOMICON_VALIDATION_READY"
      }
    },
    {
      "gate_id": "BOUNDARY_HONESTY_EXACT",
      "status": "PASS",
      "score": 100.0,
      "evidence": "ORGANS/CUSTODES/REPORTS/CUSTODES_ASTRONOMICON_PROSECUTOR_AUDIT_SUMMARY_V0_1.json",
      "details": {}
    },
    {
      "gate_id": "EVIDENCE_CHAIN_EXACT",
      "status": "PASS",
      "score": 100.0,
      "evidence": "ORGANS/CUSTODES/REPORTS/CUSTODES_ASTRONOMICON_PROSECUTOR_AUDIT_SUMMARY_V0_1.json",
      "details": {}
    },
    {
      "gate_id": "RED_BLUE_LOCAL_HARDENING_EXACT",
      "status": "PASS",
      "score": 100.0,
      "evidence": "ORGANS/ASTRONOMICON/REPORTS/ASTRONOMICON_RED_BLUE_HARDENING_SCAN_ISOLATION_SUMMARY_V0_1.json",
      "details": {
        "red": 100.0,
        "blue": 100.0
      }
    },
    {
      "gate_id": "PRIOR_THRONE_WAS_NOT_EXTERNAL_PROOF",
      "status": "PASS",
      "score": 100.0,
      "evidence": "ORGANS/ASTRONOMICON/REPORTS/ASTRONOMICON_RED_BLUE_HARDENING_SCAN_ISOLATION_SUMMARY_V0_1.json",
      "details": {
        "rb_throne_confirmation_score": 0.0,
        "custodes_throne_confirmation_score": 0.0
      }
    },
    {
      "gate_id": "RED_BLUE_CONTRACT_DEFINED_NOT_PROVEN",
      "status": "PASS",
      "score": 100.0,
      "evidence": "ORGANS/ASTRONOMICON/RED_BLUE/ORGAN_RED_BLUE_SKILLS_V0_1.json",
      "details": {
        "proof_state": "DEFINED_NOT_PROVEN"
      }
    }
  ],
  "errors": [],
  "warnings": [],
  "not_claimed": [
    "Throne self-validation",
    "global organ assembled",
    "Core v1 ready",
    "Great Nine complete",
    "visual work resumed",
    "organ assembled"
  ]
}
----- terminal output end -----
exit_code: 0

============================================================
ACTION EXIT CODE: 0
============================================================
