============================================================
IMPERIUM TUI / АКВАРИУМ РАБОТЫ
============================================================
generated_at_utc: 2026-07-02T14:55:05Z
repo: E:\IMPERIUM_REALITY
action_id: status
label: Статус Империума и рабочей ветки
mutates_repo: False
============================================================

СТАТУС ИМПЕРИУМА / АКВАРИУМ

### Git
HEAD: 170a2f9a
branch: master
status: M ORGANS/ASTRONOMICON/RECEIPTS/astronomicon_red_blue_hardening_receipt.json
 M ORGANS/ASTRONOMICON/REPORTS/ASTRONOMICON_RED_BLUE_HARDENING_SUMMARY_V0_1.json
?? ORGANS/ASTRONOMICON/MATRICES/IMPERIUM_APP_TAURI_PROOF_RUN_MATRIX_V0_1.json
?? ORGANS/ASTRONOMICON/MATRICES/IMPERIUM_APP_TAURI_RUNTIME_WINDOW_FPS_PROOF_MATRIX_V0_1.json
?? ORGANS/ASTRONOMICON/MATRICES/IMPERIUM_APP_TAURI_SHELL_FOUNDATION_MATRIX_V0_1.json
?? ORGANS/ASTRONOMICON/MATRICES/IMPERIUM_LAUNCHER_APP_ORGAN_HUB_LEVELING_UI_MATRIX_V0_1.json
?? ORGANS/ASTRONOMICON/MATRICES/IMPERIUM_LAUNCHER_APP_PLATFORM_MATRIX_V0_1.json
?? ORGANS/ASTRONOMICON/RECEIPTS/imperium_app_tauri_proof_run_icon_hotfix_receipt.json
?? ORGANS/ASTRONOMICON/RECEIPTS/imperium_app_tauri_proof_run_npm_cmd_hotfix_receipt.json
?? ORGANS/ASTRONOMICON/RECEIPTS/imperium_app_tauri_proof_run_receipt.json
?? ORGANS/ASTRONOMICON/RECEIPTS/imperium_app_tauri_runtime_fps_contract_name_hotfix_receipt.json
?? ORGANS/ASTRONOMICON/RECEIPTS/imperium_app_tauri_runtime_window_fps_proof_receipt.json
?? ORGANS/ASTRONOMICON/RECEIPTS/imperium_app_tauri_shell_foundation_receipt.json
?? ORGANS/ASTRONOMICON/RECEIPTS/imperium_app_tauri_shell_frontend_marker_hotfix_fix_receipt.json
?? ORGANS/ASTRONOMICON/RECEIPTS/imperium_app_tauri_shell_frontend_marker_hotfix_receipt.json
?? ORGANS/ASTRONOMICON/RECEIPTS/imperium_launcher_app_organ_hub_leveling_ui_receipt.json
?? ORGANS/ASTRONOMICON/RECEIPTS/imperium_launcher_app_platform_receipt.json
?? ORGANS/ASTRONOMICON/REPORTS/IMPERIUM_APP_TAURI_PROOF_RUN_ICON_HOTFIX_REPORT_V0_1.md
?? ORGANS/ASTRONOMICON/REPORTS/IMPERIUM_APP_TAURI_PROOF_RUN_ICON_HOTFIX_SUMMARY_V0_1.json
?? ORGANS/ASTRONOMICON/REPORTS/IMPERIUM_APP_TAURI_PROOF_RUN_NPM_CMD_HOTFIX_REPORT_V0_1.md
?? ORGANS/ASTRONOMICON/REPORTS/IMPERIUM_APP_TAURI_PROOF_RUN_NPM_CMD_HOTFIX_SUMMARY_V0_1.json
?? ORGANS/ASTRONOMICON/REPORTS/IMPERIUM_APP_TAURI_PROOF_RUN_REPORT_V0_1.md
?? ORGANS/ASTRONOMICON/REPORTS/IMPERIUM_APP_TAURI_PROOF_RUN_SUMMARY_V0_1.json
?? ORGANS/ASTRONOMICON/REPORTS/IMPERIUM_APP_TAURI_RUNTIME_FPS_CONTRACT_NAME_HOTFIX_REPORT_V0_1.md
?? ORGANS/ASTRONOMICON/REPORTS/IMPERIUM_APP_TAURI_RUNTIME_FPS_CONTRACT_NAME_HOTFIX_SUMMARY_V0_1.json
?? ORGANS/ASTRONOMICON/REPORTS/IMPERIUM_APP_TAURI_RUNTIME_WINDOW_FPS_PROOF_REPORT_V0_1.md
?? ORGANS/ASTRONOMICON/REPORTS/IMPERIUM_APP_TAURI_RUNTIME_WINDOW_FPS_PROOF_SUMMARY_V0_1.json
?? ORGANS/ASTRONOMICON/REPORTS/IMPERIUM_APP_TAURI_SHELL_FOUNDATION_REPORT_V0_1.md
?? ORGANS/ASTRONOMICON/REPORTS/IMPERIUM_APP_TAURI_SHELL_FOUNDATION_SUMMARY_V0_1.json
?? ORGANS/ASTRONOMICON/REPORTS/IMPERIUM_APP_TAURI_SHELL_FRONTEND_MARKER_HOTFIX_FIX_REPORT_V0_1.md
?? ORGANS/ASTRONOMICON/REPORTS/IMPERIUM_APP_TAURI_SHELL_FRONTEND_MARKER_HOTFIX_FIX_SUMMARY_V0_1.json
?? ORGANS/ASTRONOMICON/REPORTS/IMPERIUM_APP_TAURI_SHELL_FRONTEND_MARKER_HOTFIX_REPORT_V0_1.md
?? ORGANS/ASTRONOMICON/REPORTS/IMPERIUM_APP_TAURI_SHELL_FRONTEND_MARKER_HOTFIX_SUMMARY_V0_1.json
?? ORGANS/ASTRONOMICON/REPORTS/IMPERIUM_LAUNCHER_APP_ORGAN_HUB_LEVELING_UI_REPORT_V0_1.md
?? ORGANS/ASTRONOMICON/REPORTS/IMPERIUM_LAUNCHER_APP_ORGAN_HUB_LEVELING_UI_SUMMARY_V0_1.json
?? ORGANS/ASTRONOMICON/REPORTS/IMPERIUM_LAUNCHER_APP_PLATFORM_REPORT_V0_1.md
?? ORGANS/ASTRONOMICON/REPORTS/IMPERIUM_LAUNCHER_APP_PLATFORM_SUMMARY_V0_1.json
?? ORGANS/ASTRONOMICON/VALIDATORS/validate_imperium_app_tauri_proof_run.py
?? ORGANS/ASTRONOMICON/VALIDATORS/validate_imperium_app_tauri_proof_run_icon_hotfix.py
?? ORGANS/ASTRONOMICON/VALIDATORS/validate_imperium_app_tauri_proof_run_npm_cmd_hotfix.py
?? ORGANS/ASTRONOMICON/VALIDATORS/validate_imperium_app_tauri_runtime_fps_contract_name_hotfix.py
?? ORGANS/ASTRONOMICON/VALIDATORS/validate_imperium_app_tauri_runtime_window_fps_proof.py
?? ORGANS/ASTRONOMICON/VALIDATORS/validate_imperium_app_tauri_shell_foundation.py
?? ORGANS/ASTRONOMICON/VALIDATORS/validate_imperium_app_tauri_shell_frontend_marker_hotfix.py
?? ORGANS/ASTRONOMICON/VALIDATORS/validate_imperium_app_tauri_shell_frontend_marker_hotfix_fix.py
?? ORGANS/ASTRONOMICON/VALIDATORS/validate_imperium_launcher_app_organ_hub_leveling_ui.py
?? ORGANS/ASTRONOMICON/VALIDATORS/validate_imperium_launcher_app_platform.py
?? SUPPORT/APP/
?? SUPPORT/APP_TAURI/
?? SUPPORT/TUI/LOGS/20260702_153109_status.log
?? SUPPORT/TUI/LOGS/20260702_154128_astronomicon-hardening.log
?? SUPPORT/TUI/LOGS/20260702_175505_status.log
?? SUPPORT/TUI/RECEIPTS/20260702_153109_status_receipt.json
?? SUPPORT/TUI/RECEIPTS/20260702_154128_astronomicon-hardening_receipt.json
?? WARP/PATCHES/IMPERIUM-APP-TAURI-PROOF-RUN-0001/
?? WARP/PATCHES/IMPERIUM-APP-TAURI-PROOF-RUN-ICON-HOTFIX-0001/
?? WARP/PATCHES/IMPERIUM-APP-TAURI-PROOF-RUN-NPM-CMD-HOTFIX-0001/
?? WARP/PATCHES/IMPERIUM-APP-TAURI-RUNTIME-FPS-CONTRACT-NAME-HOTFIX-0001/
?? WARP/PATCHES/IMPERIUM-APP-TAURI-RUNTIME-WINDOW-FPS-PROOF-0001/
?? WARP/PATCHES/IMPERIUM-APP-TAURI-SHELL-FOUNDATION-0001/
?? WARP/PATCHES/IMPERIUM-APP-TAURI-SHELL-FRONTEND-MARKER-HOTFIX-0001/
?? WARP/PATCHES/IMPERIUM-APP-TAURI-SHELL-FRONTEND-MARKER-HOTFIX-FIX-0001/
?? WARP/PATCHES/IMPERIUM-LAUNCHER-APP-ORGAN-HUB-LEVELING-UI-0001/
?? WARP/PATCHES/IMPERIUM-LAUNCHER-APP-PLATFORM-0001/

### Astronomicon / Custodes / Throne
Custodes verdict: PASS_CUSTODES_ASTRONOMICON_PROSECUTOR_VALIDATION
Custodes score: 100.0
Custodes indictments: 0
Astronomicon red local: 100.0
Astronomicon blue local: 100.0
Throne verdict: PASS_THRONE_ASTRONOMICON_CROWN_ORDER_WITH_SELF_DECEPTION_GUARD
Crown truth state: CROWN_ORDER_ISSUED_NOT_THRONE_SELF_PROVEN
Astronomicon crown order: 100.0
Throne self-validation: 0.0
External witness for Throne: 0.0
Astronomicon assembled: 0.0

### Great Nine stage scores
profile_baseline_score: 100.0
duty_defined_score: 100.0
assembly_target_defined_score: 100.0
red_team_score: 0.0
blue_team_score: 0.0
organ_truth_maturity_score: 40.0
organ_assembled_score: 0.0

============================================================
ACTION EXIT CODE: 0
============================================================
