[15:00:08] ============================================================
[15:00:08] IMPERIUM WINDOWED TUI / АКВАРИУМ ОКНА
[15:00:08] ============================================================
[15:00:08] repo: E:\IMPERIUM_REALITY
[15:00:08] action_id: astronomicon-advice
[15:00:08] label: Астрономикон: органальный совет
[15:00:08] description: Показывает scored advisory по Astronomicon: зона внимания, score, evidence, not-claimed.
[15:00:08] mutates_repo: True
[15:00:08] underlying command:
[15:00:08] python SUPPORT/TUI/imperium_tui.py --repo-root <repo> --action astronomicon-advice
[15:00:08] ============================================================
[15:00:08] ----- terminal output begin -----
[15:00:08] ============================================================
[15:00:08] IMPERIUM TUI / АКВАРИУМ РАБОТЫ
[15:00:08] ============================================================
[15:00:08] generated_at_utc: 2026-07-02T12:00:08Z
[15:00:08] repo: E:\IMPERIUM_REALITY
[15:00:08] action_id: astronomicon-advice
[15:00:08] label: Астрономикон: органальный совет
[15:00:08] mutates_repo: True
[15:00:08] ============================================================
[15:00:08] 
[15:00:08] АКВАРИУМ ВЫЗОВА
[15:00:08] Действие: Астрономикон: органальный совет
[15:00:08] Описание: Показывает scored advisory по Astronomicon: зона внимания, score, evidence, not-claimed.
[15:00:08] Команда:
[15:00:08]   pwsh SUPPORT/LAUNCHER/imperium.ps1 advise organ ASTRONOMICON
[15:00:08] 
[15:00:08] ----- terminal output begin -----
[15:00:09] IMPERIUM SHELL: pwsh 7.6.2 OK
[15:00:09] ORGAN ADVISORY: ASTRONOMICON
[15:00:09] - ASTRONOMICON: operator intake / closure guidance | success=98.5 priority=90.62 confidence=HIGH
[15:00:09]   ASTRONOMICON: Р·РѕРЅР° РІРЅРёРјР°РЅРёСЏ В«operator intake / closure guidanceВ». Р Р°СЃС‡С‘С‚РЅР°СЏ СѓСЃРїРµС€РЅРѕСЃС‚СЊ Р±СѓРґСѓС‰РµРіРѕ С€Р°РіР° 98.5/100, РїСЂРёРѕСЂРёС‚РµС‚ РІРЅРёРјР°РЅРёСЏ 90.62/100.
[15:00:09] ----- terminal output end -----
[15:00:09] exit_code: 0
[15:00:09] 
[15:00:09] ============================================================
[15:00:09] ACTION EXIT CODE: 0
[15:00:09] ============================================================
[15:00:09] 
[15:00:09] Лог аквариума: SUPPORT\TUI\LOGS\20260702_150008_astronomicon-advice.log
[15:00:09] AQUARIUM_LOG: SUPPORT\TUI\LOGS\20260702_150008_astronomicon-advice.log
[15:00:09] Receipt TUI: SUPPORT\TUI\RECEIPTS\20260702_150008_astronomicon-advice_receipt.json
[15:00:09] TUI_RECEIPT: SUPPORT\TUI\RECEIPTS\20260702_150008_astronomicon-advice_receipt.json
[15:00:09] ----- terminal output end -----
[15:00:09] exit_code: 0

