============================================================
IMPERIUM TUI / АКВАРИУМ РАБОТЫ
============================================================
generated_at_utc: 2026-07-02T11:44:09Z
repo: E:\IMPERIUM_REALITY
action_id: status
label: Статус Империума и рабочей ветки
mutates_repo: False
============================================================

СТАТУС ИМПЕРИУМА / АКВАРИУМ

### Git
HEAD: 19f92ea9
branch: master
status: ?? ORGANS/ASTRONOMICON/RECEIPTS/imperium_tui_astronomicon_console_receipt.json
?? ORGANS/ASTRONOMICON/REPORTS/IMPERIUM_TUI_ASTRONOMICON_CONSOLE_REPORT_V0_1.md
?? ORGANS/ASTRONOMICON/REPORTS/IMPERIUM_TUI_ASTRONOMICON_CONSOLE_SUMMARY_V0_1.json
?? ORGANS/ASTRONOMICON/VALIDATORS/validate_imperium_tui_astronomicon_console.py
?? SUPPORT/TUI/
?? WARP/PATCHES/IMPERIUM-TUI-AQUARIUM-VALIDATOR-HOTFIX-0001/
?? WARP/PATCHES/IMPERIUM-TUI-ASTRONOMICON-CUSTODES-THRONE-CONSOLE-0001/

### Astronomicon / Custodes / Throne
Custodes verdict: PASS_CUSTODES_ASTRONOMICON_PROSECUTOR_VALIDATION
Custodes score: 100.0
Custodes indictments: 0
Astronomicon red local: 100.0
Astronomicon blue local: 100.0
Throne verdict: PASS_THRONE_ASTRONOMICON_CROWN_ORDER_WITH_SELF_DECEPTION_GUARD
Crown truth state: CROWN_ORDER_ISSUED_NOT_THRONE_SELF_PROVEN
Astronomicon crown order: 100.0
Throne self-validation: 0.0
External witness for Throne: 0.0
Astronomicon assembled: 0.0

### Great Nine stage scores
profile_baseline_score: 100.0
duty_defined_score: 100.0
assembly_target_defined_score: 100.0
red_team_score: 0.0
blue_team_score: 0.0
organ_truth_maturity_score: 40.0
organ_assembled_score: 0.0

============================================================
ACTION EXIT CODE: 0
============================================================
