============================================================
IMPERIUM TUI / АКВАРИУМ РАБОТЫ
============================================================
generated_at_utc: 2026-07-02T12:00:08Z
repo: E:\IMPERIUM_REALITY
action_id: astronomicon-advice
label: Астрономикон: органальный совет
mutates_repo: True
============================================================

АКВАРИУМ ВЫЗОВА
Действие: Астрономикон: органальный совет
Описание: Показывает scored advisory по Astronomicon: зона внимания, score, evidence, not-claimed.
Команда:
  pwsh SUPPORT/LAUNCHER/imperium.ps1 advise organ ASTRONOMICON

----- terminal output begin -----
IMPERIUM SHELL: pwsh 7.6.2 OK
ORGAN ADVISORY: ASTRONOMICON
- ASTRONOMICON: operator intake / closure guidance | success=98.5 priority=90.62 confidence=HIGH
  ASTRONOMICON: Р·РѕРЅР° РІРЅРёРјР°РЅРёСЏ В«operator intake / closure guidanceВ». Р Р°СЃС‡С‘С‚РЅР°СЏ СѓСЃРїРµС€РЅРѕСЃС‚СЊ Р±СѓРґСѓС‰РµРіРѕ С€Р°РіР° 98.5/100, РїСЂРёРѕСЂРёС‚РµС‚ РІРЅРёРјР°РЅРёСЏ 90.62/100.
----- terminal output end -----
exit_code: 0

============================================================
ACTION EXIT CODE: 0
============================================================
